// Vitest Snapshot v1, https://vitest.dev/guide/snapshot.html

exports[`sdk root entry > exports the expected top-level public surface 1`] = `
[
  "AccountClearOptionsSchema",
  "AccountConfirmationSchema",
  "AccountConfirmationsErrorSpec",
  "AccountDiskSchema",
  "AccountInfoBaseSchema",
  "AccountInfoBroadSchema",
  "AccountInfoQuerySchema",
  "AccountSettingsSchema",
  "AccountSubtitleLanguageSchema",
  "AccountTwoFactorSettingsSchema",
  "AccountWarningsSchema",
  "AddManyTransfersErrorSpec",
  "AddTransferErrorSpec",
  "AddTransferTrackersErrorSpec",
  "AppSpecificPasswordSchema",
  "ApproveFriendRequestErrorSpec",
  "AuthorizationCodeSchema",
  "CanWriteFileErrorSpec",
  "CancelZipErrorSpec",
  "ClearEventsErrorSpec",
  "ClearRssFeedLogsErrorSpec",
  "ClientsErrorSpec",
  "ConfirmFastspringOrderErrorSpec",
  "ContinueFilesErrorSpec",
  "ContinuePublicShareFilesErrorSpec",
  "ContinueTrashErrorSpec",
  "CopyFileErrorSpec",
  "CountWaitingRequestsErrorSpec",
  "CreateAppSpecificPasswordErrorSpec",
  "CreateAppSpecificPasswordInputSchema",
  "CreateDownloadLinksErrorSpec",
  "CreateFamilyInviteErrorSpec",
  "CreateFolderErrorSpec",
  "CreateFriendInviteErrorSpec",
  "CreateOAuthAppErrorSpec",
  "CreateOpenNodeChargeErrorSpec",
  "CreatePaddleBillingUpdatePaymentMethodTransactionErrorSpec",
  "CreatePaddleWaitingPaymentErrorSpec",
  "CreatePublicShareErrorSpec",
  "CreateRssFeedErrorSpec",
  "CreateSharingCloneErrorSpec",
  "CreateZipErrorSpec",
  "DEFAULT_PUTIO_API_BASE_URL",
  "DEFAULT_PUTIO_UPLOAD_BASE_URL",
  "DEFAULT_PUTIO_WEB_APP_URL",
  "DeleteAllAppSpecificPasswordsErrorSpec",
  "DeleteAppSpecificPasswordErrorSpec",
  "DeleteEventErrorSpec",
  "DeleteOAuthAppErrorSpec",
  "DeletePublicShareErrorSpec",
  "DeleteRssFeedErrorSpec",
  "DeleteTrashErrorSpec",
  "DenyFriendRequestErrorSpec",
  "DownloadLinksCreateInputSchema",
  "DownloadLinksInfoSchema",
  "DownloadLinksPayloadSchema",
  "DownloadLinksStatusSchema",
  "DownloadUrlErrorSpec",
  "EmptyTrashErrorSpec",
  "EventsListQuerySchema",
  "FamilyInviteLookupErrorSpec",
  "FamilyInviteSchema",
  "FamilyMemberSchema",
  "FileActiveConversionSchema",
  "FileActiveConversionsErrorSpec",
  "FileBaseSchema",
  "FileBreadcrumbSchema",
  "FileBroadSchema",
  "FileConversionStatusSchema",
  "FileCopyInputSchema",
  "FileExtractionSchema",
  "FileExtractionStatusSchema",
  "FileExtractionsErrorSpec",
  "FileGetChildInputSchema",
  "FileMediaInfoFormatSchema",
  "FileMediaInfoSchema",
  "FileMediaInfoStreamSchema",
  "FileMediaMetadataSchema",
  "FileMp4ErrorSpec",
  "FileMp4MutationErrorSpec",
  "FileQuerySchema",
  "FileSetSortInputSchema",
  "FileSortSchema",
  "FileSubtitleSchema",
  "FileSubtitlesErrorSpec",
  "FileTouchInputSchema",
  "FileTypeSchema",
  "FileUploadErrorSpec",
  "FileWatchStatusErrorSpec",
  "FilesListEnvelopeSchema",
  "FilesListQuerySchema",
  "FilesMoveErrorSchema",
  "FilesSearchQuerySchema",
  "FolderTypeSchema",
  "ForgotPasswordErrorSpec",
  "FriendBaseSchema",
  "FriendInviteJoinedUserSchema",
  "FriendInviteJoinedUserStatusSchema",
  "FriendInviteLookupErrorSpec",
  "FriendInviteSchema",
  "FriendSchema",
  "FriendSharedFolderErrorSpec",
  "GenerateTOTPErrorSpec",
  "GenerateTOTPResponseSchema",
  "GetDownloadLinksErrorSpec",
  "GetEventTorrentErrorSpec",
  "GetFileChildErrorSpec",
  "GetFileErrorSpec",
  "GetIftttStatusErrorSpec",
  "GetOAuthAppErrorSpec",
  "GetPaddleBillingInvoiceUrlErrorSpec",
  "GetPaymentInfoErrorSpec",
  "GetPaymentVoucherInfoErrorSpec",
  "GetPublicShareErrorSpec",
  "GetPublicShareFileUrlErrorSpec",
  "GetRssFeedErrorSpec",
  "GetSharedWithErrorSpec",
  "GetSharingCloneInfoErrorSpec",
  "GetTransferErrorSpec",
  "GetTransferTorrentErrorSpec",
  "GetZipErrorSpec",
  "GiftCardLookupErrorSpec",
  "GrantsErrorSpec",
  "HistoryEventSchema",
  "HistoryFileFromRssDeletedEventSchema",
  "HistoryFileSharedEventSchema",
  "HistoryKnownEventTypeSchema",
  "HistoryPrivateTorrentPinEventSchema",
  "HistoryRssFilterPausedEventSchema",
  "HistoryTransferCallbackErrorEventSchema",
  "HistoryTransferCompletedEventSchema",
  "HistoryTransferErrorEventSchema",
  "HistoryTransferFromRssErrorEventSchema",
  "HistoryUploadEventSchema",
  "HistoryVoucherEventSchema",
  "HistoryZipCreatedEventSchema",
  "JoinFamilyErrorSpec",
  "JsonObjectSchema",
  "JsonValueSchema",
  "LinkDeviceErrorSpec",
  "ListAppSpecificPasswordsErrorSpec",
  "ListEventsErrorSpec",
  "ListFamilyInvitesErrorSpec",
  "ListFamilyMembersErrorSpec",
  "ListFriendInvitesErrorSpec",
  "ListFriendsErrorSpec",
  "ListPaymentHistoryErrorSpec",
  "ListPaymentInvitesErrorSpec",
  "ListPaymentOptionsErrorSpec",
  "ListPaymentPlansErrorSpec",
  "ListPublicShareFilesErrorSpec",
  "ListPublicSharesErrorSpec",
  "ListRssFeedItemsErrorSpec",
  "ListRssFeedsErrorSpec",
  "ListSentRequestsErrorSpec",
  "ListSharedFilesErrorSpec",
  "ListTransfersErrorSpec",
  "ListTrashErrorSpec",
  "ListTunnelRoutesErrorSpec",
  "ListWaitingRequestsErrorSpec",
  "ListZipsErrorSpec",
  "LoginErrorSpec",
  "LoginResponseSchema",
  "MyOAuthAppSchema",
  "OAuthAppCreateInputSchema",
  "OAuthAppSchema",
  "OAuthAppSessionSchema",
  "OAuthAppUpdateInputSchema",
  "OAuthAppWithTokenSchema",
  "OAuthAuthorizationCodeExchangeError",
  "OAuthAuthorizationCodeExchangeErrorCodeSchema",
  "OAuthAuthorizationCodeExchangeInputSchema",
  "OAuthSetIconInputSchema",
  "OkResponseSchema",
  "OwnedOAuthAppSchema",
  "PasInfoSchema",
  "PauseRssFeedErrorSpec",
  "PaymentChangePlanPreviewSchema",
  "PaymentChangePlanSubmitSchema",
  "PaymentHistoryItemSchema",
  "PaymentInfoPlanSchema",
  "PaymentInfoSchema",
  "PaymentInviteSchema",
  "PaymentOptionPlanTypeSchema",
  "PaymentOptionSchema",
  "PaymentPlanGroupSchema",
  "PaymentPlanTypeSchema",
  "PaymentProviderNameSchema",
  "PaymentProviderSchema",
  "PaymentSubscriptionInfoSchema",
  "PaymentTypeSchema",
  "PaymentVoucherInfoSchema",
  "PodcastGetLinksInputSchema",
  "PodcastLinkTypeSchema",
  "PodcastLinksSchema",
  "PopularOAuthAppSchema",
  "PreviewPaymentChangePlanErrorSpec",
  "PublicShareListQuerySchema",
  "PublicShareSchema",
  "PutioApiError",
  "PutioAuthError",
  "PutioConfigurationError",
  "PutioErrorEnvelopeSchema",
  "PutioHttpClient",
  "PutioOperationError",
  "PutioRateLimitError",
  "PutioSdk",
  "PutioSdkConfig",
  "PutioTransportError",
  "PutioValidationError",
  "QueryFilesErrorSpec",
  "QueryOAuthAppsErrorSpec",
  "ReannounceTransferErrorSpec",
  "RecoveryCodesErrorSpec",
  "RedeemPaymentVoucherErrorSpec",
  "RegenerateOAuthAppTokenErrorSpec",
  "RegenerateRecoveryCodesErrorSpec",
  "RegisterErrorSpec",
  "RegisterInputSchema",
  "RemoveFamilyMemberErrorSpec",
  "RemoveFriendErrorSpec",
  "RemoveTransfersErrorSpec",
  "RenameFileErrorSpec",
  "ReportPaymentsErrorSpec",
  "ResetPasswordErrorSpec",
  "RestoreTrashErrorSpec",
  "ResumeRssFeedErrorSpec",
  "RetryAllRssFeedItemsErrorSpec",
  "RetryRssFeedItemErrorSpec",
  "RetryTransferErrorSpec",
  "RevokeAllOAuthClientsErrorSpec",
  "RevokeOAuthClientErrorSpec",
  "RevokeOAuthGrantErrorSpec",
  "RssFeedItemFailedSchema",
  "RssFeedItemSchema",
  "RssFeedItemSucceededSchema",
  "RssFeedParamsSchema",
  "RssFeedSchema",
  "SaveAccountSettingsErrorSpec",
  "SaveAccountSettingsPayloadSchema",
  "SearchFilesErrorSpec",
  "SearchFriendsErrorSpec",
  "SendFriendRequestErrorSpec",
  "SendIftttEventErrorSpec",
  "ShareFilesErrorSpec",
  "SharedFileSchema",
  "SharedFileShareSchema",
  "SharedFileSharedWithSchema",
  "SharingCloneInfoSchema",
  "SharingCloneInputSchema",
  "SharingCloneStatusSchema",
  "SharingShareInputSchema",
  "SharingUnshareInputSchema",
  "StartFromErrorSpec",
  "StopRecordingTransferErrorSpec",
  "StopSubscriptionErrorSpec",
  "SubmitPaymentChangePlanErrorSpec",
  "TouchFilesErrorSpec",
  "TransferAddInputSchema",
  "TransferAddTrackersInputSchema",
  "TransferBaseSchema",
  "TransferRemoveInputSchema",
  "TransferSchema",
  "TransferStatusSchema",
  "TransferTypeSchema",
  "TransfersListQuerySchema",
  "TrashFileSchema",
  "TunnelRouteSchema",
  "TwoFactorRecoveryCodesSchema",
  "UnshareFileErrorSpec",
  "UpdateOAuthAppErrorSpec",
  "UpdateRssFeedErrorSpec",
  "UserSearchResultSchema",
  "UserSubscriptionStatusSchema",
  "ValidateTokenResponseSchema",
  "VerifyTOTPErrorSpec",
  "VerifyTOTPResponseSchema",
  "VoucherLookupErrorSpec",
  "ZipStatusSchema",
  "addManyTransfers",
  "addTransfer",
  "addTransferTrackers",
  "approveFriendRequest",
  "buildAuthLoginUrl",
  "buildFileApiContentUrl",
  "buildFileApiDownloadUrl",
  "buildFileApiMp4DownloadUrl",
  "buildFileHlsStreamUrl",
  "buildFileXspfPlaylistUrl",
  "buildOAuthAppIconUrl",
  "buildOAuthAuthorizeUrl",
  "buildPutioUrl",
  "canWriteFile",
  "cancelTransfers",
  "cancelZip",
  "checkCodeMatch",
  "classifyPaymentChangePlanResponse",
  "cleanTransfers",
  "clearAccount",
  "clearEvents",
  "clearRssFeedLogs",
  "clients",
  "cloneSharedFiles",
  "confirmFastspringOrder",
  "continueFiles",
  "continuePublicShareFiles",
  "continueSearch",
  "continueTransfers",
  "continueTrash",
  "convertFileSelectionToMp4",
  "convertFileToMp4",
  "convertFilesToMp4",
  "copyFile",
  "countTransfers",
  "countWaitingRequests",
  "createAppSpecificPassword",
  "createDownloadLinks",
  "createFamilyInvite",
  "createFileUploadFormData",
  "createFileUploadRequest",
  "createFolder",
  "createFriendInvite",
  "createOAuthApp",
  "createOpenNodeCharge",
  "createPaddleBillingUpdatePaymentMethodTransaction",
  "createPaddleWaitingPayment",
  "createPublicShare",
  "createPutioSdkEffectClient",
  "createPutioSdkPromiseClient",
  "createRssFeed",
  "createZip",
  "decodePutioErrorEnvelope",
  "definePutioOperationErrorSpec",
  "deleteAllAppSpecificPasswords",
  "deleteAppSpecificPassword",
  "deleteConfigKey",
  "deleteEvent",
  "deleteFileExtraction",
  "deleteFileMp4",
  "deleteFileSelection",
  "deleteFiles",
  "deleteOAuthApp",
  "deletePublicShare",
  "deleteRssFeed",
  "deleteTrash",
  "denyFriendRequest",
  "destroyAccount",
  "emptyTrash",
  "encodePathSegment",
  "exchangeOAuthAuthorizationCode",
  "exists",
  "extractFiles",
  "fallbackPutioErrorEnvelope",
  "findNextFile",
  "findNextVideo",
  "forgotPassword",
  "generateTOTP",
  "getAccountInfo",
  "getAccountSettings",
  "getApiContentUrl",
  "getApiDownloadUrl",
  "getApiMp4DownloadUrl",
  "getCode",
  "getConfigKey",
  "getConfigKeyWith",
  "getDownloadLinks",
  "getDownloadUrl",
  "getEventTorrent",
  "getFamilyInvite",
  "getFile",
  "getFileChild",
  "getFriendInvite",
  "getFriendSharedFolder",
  "getGiftCard",
  "getHlsStreamUrl",
  "getIftttStatus",
  "getMp4Status",
  "getOAuthApp",
  "getPaddleBillingInvoiceUrl",
  "getPaymentInfo",
  "getPaymentVoucherInfo",
  "getPodcastLinks",
  "getPopularOAuthApps",
  "getPublicShare",
  "getPublicShareFileUrl",
  "getRecoveryCodes",
  "getRssFeed",
  "getSharedWith",
  "getSharingCloneInfo",
  "getStartFrom",
  "getTransfer",
  "getTransferInfo",
  "getTransferTorrent",
  "getVoucher",
  "getXspfPlaylistUrl",
  "getZip",
  "grants",
  "isPutioApiError",
  "isPutioAuthError",
  "isPutioErrorEnvelope",
  "isPutioOperationError",
  "isPutioRateLimitError",
  "joinFamily",
  "linkDevice",
  "listAccountConfirmations",
  "listAccountSubtitleLanguages",
  "listActiveMp4Conversions",
  "listAppSpecificPasswords",
  "listEvents",
  "listFamilyInvites",
  "listFamilyMembers",
  "listFileExtractions",
  "listFileSubtitles",
  "listFriendInvites",
  "listFriends",
  "listPaymentHistory",
  "listPaymentInvites",
  "listPaymentOptions",
  "listPaymentPlans",
  "listPublicShareFiles",
  "listPublicShares",
  "listRssFeedItems",
  "listRssFeeds",
  "listSentRequests",
  "listSharedFiles",
  "listTransfers",
  "listTrash",
  "listTunnelRoutes",
  "listWaitingRequests",
  "listZips",
  "login",
  "logout",
  "makePutioFetchClient",
  "makePutioFetchLayer",
  "makePutioSdkConfig",
  "makePutioSdkEffectClientLayer",
  "makePutioSdkLayer",
  "makePutioSdkLiveClientLayer",
  "makePutioSdkLiveLayer",
  "makeResponseError",
  "mapConfigurationError",
  "mapDecodeErrorToValidationError",
  "mapTransportError",
  "moveFileSelection",
  "moveFiles",
  "parseErrorBody",
  "pauseRssFeed",
  "previewPaymentChangePlan",
  "putMp4ToMyFiles",
  "queryFiles",
  "queryOAuthApps",
  "readConfig",
  "readConfigWith",
  "reannounceTransfer",
  "redeemPaymentVoucher",
  "regenerateOAuthAppToken",
  "regenerateRecoveryCodes",
  "register",
  "removeFamilyMember",
  "removeFriend",
  "removeTransfers",
  "renameFile",
  "reportPayments",
  "requestArrayBuffer",
  "requestJson",
  "requestVoid",
  "resetFileSortSettings",
  "resetPassword",
  "resetStartFrom",
  "responseRateLimitHeaders",
  "restoreTrash",
  "resumeRssFeed",
  "retryAllRssFeedItems",
  "retryRssFeedItem",
  "retryTransfer",
  "revokeAllClients",
  "revokeApp",
  "revokeClient",
  "saveAccountSettings",
  "searchFiles",
  "searchFriends",
  "selectJsonField",
  "selectJsonFields",
  "sendFriendRequest",
  "sendIftttEvent",
  "setConfigKey",
  "setFileSort",
  "setFilesWatchStatus",
  "setOAuthAppIcon",
  "setStartFrom",
  "shareFiles",
  "stopPaymentSubscription",
  "stopTransferRecording",
  "submitPaymentChangePlan",
  "touchFiles",
  "unshareFile",
  "updateOAuthApp",
  "updateRssFeed",
  "uploadFile",
  "validateToken",
  "verifyTOTP",
  "withOperationErrors",
  "writeConfig",
]
`;
